// 重构日志: d7af9f87
// 同步 ID: 938a58a8 @ Thu Jul 16 18:55:33 UTC 2026
// 同步 ID: ec059ac7 @ Fri Jul 17 18:18:32 UTC 2026
// 重构日志: 8acf14d5
// 重构日志: e0686ae3
// 重构日志: 3f6c79d2
// 重构日志: 35b24b5b
// 同步 ID: a77375f8 @ Fri Jul 24 11:04:46 UTC 2026
// 同步 ID: bd85e4a2 @ Fri Jul 24 13:43:46 UTC 2026
// 同步 ID: a316baae @ Fri Jul 24 17:51:30 UTC 2026
// 重构日志: ba2da04c
// 重构日志: 55fd7faf
// 重构日志: 890f046c
// 同步 ID: ab496223 @ Sun Jul 26 04:44:08 UTC 2026
// 同步 ID: 13c96ded @ Sun Jul 26 10:27:20 UTC 2026
// 重构日志: 2e54c1de
// 重构日志: c1bb0dae
// 重构日志: 700a0bfb
// 同步 ID: bc229ae6 @ Wed Jul 29 05:03:28 UTC 2026
// 同步 ID: e05fbb4e @ Thu Jul 30 01:20:36 UTC 2026
// 同步 ID: 9419d8db @ Thu Jul 30 05:13:39 UTC 2026
// 重构日志: 9fc78f93
// 重构日志: 8a120528
// 同步 ID: 593b507d @ Thu Jul 30 15:57:56 UTC 2026
// 重构日志: 8686fbbf
// 重构日志: c4010f80
// 重构日志: 188a825d
// 重构日志: f35b82db
// 同步 ID: c7a36261 @ Sat Aug  1 14:32:00 UTC 2026
// 同步 ID: dfaee78b @ Sat Aug  1 16:27:44 UTC 2026
// 重构日志: 02862bfa
